mx_wifi.c:97:16:mx_aton	64	static
mx_wifi.c:262:16:mx_aton_r	24	static
mx_wifi.c:290:18:MX_WIFI_RegisterBusIO	32	static
mx_wifi.c:321:18:MX_WIFI_HardResetModule	24	static
mx_wifi.c:356:18:MX_WIFI_SetTimeout	24	static
mx_wifi.c:381:6:_MX_WIFI_RecvThread	24	static
mx_wifi.c:404:18:MX_WIFI_Init	32	static
mx_wifi.c:485:18:MX_WIFI_DeInit	24	static
mx_wifi.c:522:18:MX_WIFI_IO_YIELD	24	static
mx_wifi.c:537:18:MX_WIFI_ResetModule	32	static
mx_wifi.c:561:18:MX_WIFI_ResetToFactoryDefault	32	static
mx_wifi.c:587:18:MX_WIFI_GetVersion	40	static
mx_wifi.c:619:18:MX_WIFI_GetMACAddress	24	static
mx_wifi.c:644:18:MX_WIFI_Scan	80	static
mx_wifi.c:683:8:MX_WIFI_Get_scan_result	32	static
mx_wifi.c:706:18:MX_WIFI_RegisterStatusCallback	32	static
mx_wifi.c:730:18:MX_WIFI_UnRegisterStatusCallback	24	static
mx_wifi.c:755:18:MX_WIFI_RegisterStatusCallback_if	32	static
mx_wifi.c:790:18:MX_WIFI_UnRegisterStatusCallback_if	24	static
mx_wifi.c:816:16:mx_ntoa	48	static
mx_wifi.c:883:18:MX_WIFI_Connect	296	static
mx_wifi.c:949:18:MX_WIFI_EAP_Connect	32	static
mx_wifi.c:1041:18:MX_WIFI_Disconnect	40	static
mx_wifi.c:1072:18:MX_WIFI_WPS_Connect	24	static
mx_wifi.c:1107:18:MX_WIFI_WPS_Stop	24	static
mx_wifi.c:1142:8:MX_WIFI_IsConnected	152	static
mx_wifi.c:1171:18:MX_WIFI_GetIPAddress	128	static
mx_wifi.c:1220:18:MX_WIFI_GetIP6Address	32	static
mx_wifi.c:1254:9:MX_WIFI_GetIP6AddressState	32	static
mx_wifi.c:1290:18:MX_WIFI_StartAP	216	static
mx_wifi.c:1326:18:MX_WIFI_StopAP	40	static
mx_wifi.c:3093:18:MX_WIFI_Network_bypass_mode_set	48	static
mx_wifi.c:3144:18:MX_WIFI_Network_bypass_netlink_output	56	static
mx_wifi.c:3216:9:MX_WIFI_station_powersave	40	static
