stm32u5xx_hal_spi.c:235:19:HAL_SPI_Init	24	static
stm32u5xx_hal_spi.c:475:19:HAL_SPI_DeInit	16	static
stm32u5xx_hal_spi.c:519:13:HAL_SPI_MspInit	16	static
stm32u5xx_hal_spi.c:535:13:HAL_SPI_MspDeInit	16	static
stm32u5xx_hal_spi.c:807:19:HAL_SPI_Transmit	48	static
stm32u5xx_hal_spi.c:1026:19:HAL_SPI_Receive	48	static
stm32u5xx_hal_spi.c:1253:19:HAL_SPI_TransmitReceive	64	static
stm32u5xx_hal_spi.c:1543:19:HAL_SPI_Transmit_IT	32	static
stm32u5xx_hal_spi.c:1627:19:HAL_SPI_Receive_IT	32	static
stm32u5xx_hal_spi.c:1724:19:HAL_SPI_TransmitReceive_IT	48	static
stm32u5xx_hal_spi.c:1903:19:HAL_SPI_Transmit_DMA	32	static
stm32u5xx_hal_spi.c:2098:19:HAL_SPI_Receive_DMA	32	static
stm32u5xx_hal_spi.c:2300:19:HAL_SPI_TransmitReceive_DMA	32	static
stm32u5xx_hal_spi.c:2600:19:HAL_SPI_Abort	24	static
stm32u5xx_hal_spi.c:2708:19:HAL_SPI_Abort_IT	32	static
stm32u5xx_hal_spi.c:2829:19:HAL_SPI_DMAPause	16	static
stm32u5xx_hal_spi.c:2844:19:HAL_SPI_DMAResume	16	static
stm32u5xx_hal_spi.c:2859:19:HAL_SPI_DMAStop	16	static
stm32u5xx_hal_spi.c:2873:6:HAL_SPI_IRQHandler	48	static
stm32u5xx_hal_spi.c:3119:13:HAL_SPI_TxCpltCallback	16	static
stm32u5xx_hal_spi.c:3135:13:HAL_SPI_RxCpltCallback	16	static
stm32u5xx_hal_spi.c:3151:13:HAL_SPI_TxRxCpltCallback	16	static
stm32u5xx_hal_spi.c:3167:13:HAL_SPI_TxHalfCpltCallback	16	static
stm32u5xx_hal_spi.c:3183:13:HAL_SPI_RxHalfCpltCallback	16	static
stm32u5xx_hal_spi.c:3199:13:HAL_SPI_TxRxHalfCpltCallback	16	static
stm32u5xx_hal_spi.c:3215:13:HAL_SPI_ErrorCallback	16	static
stm32u5xx_hal_spi.c:3233:13:HAL_SPI_AbortCpltCallback	16	static
stm32u5xx_hal_spi.c:3268:22:HAL_SPI_GetState	16	static
stm32u5xx_hal_spi.c:3280:10:HAL_SPI_GetError	16	static
stm32u5xx_hal_spi.c:3305:13:SPI_DMATransmitCplt	24	static
stm32u5xx_hal_spi.c:3333:13:SPI_DMAReceiveCplt	24	static
stm32u5xx_hal_spi.c:3361:13:SPI_DMATransmitReceiveCplt	24	static
stm32u5xx_hal_spi.c:3390:13:SPI_DMAHalfTransmitCplt	24	static
stm32u5xx_hal_spi.c:3407:13:SPI_DMAHalfReceiveCplt	24	static
stm32u5xx_hal_spi.c:3424:13:SPI_DMAHalfTransmitReceiveCplt	24	static
stm32u5xx_hal_spi.c:3441:13:SPI_DMAError	24	static
stm32u5xx_hal_spi.c:3467:13:SPI_DMAAbortOnError	24	static
stm32u5xx_hal_spi.c:3491:13:SPI_DMATxAbortCallback	24	static
stm32u5xx_hal_spi.c:3528:13:SPI_DMARxAbortCallback	24	static
stm32u5xx_hal_spi.c:3563:13:SPI_RxISR_8BIT	16	static
stm32u5xx_hal_spi.c:3585:13:SPI_RxISR_16BIT	24	static
stm32u5xx_hal_spi.c:3613:13:SPI_RxISR_32BIT	16	static
stm32u5xx_hal_spi.c:3635:13:SPI_TxISR_8BIT	16	static
stm32u5xx_hal_spi.c:3656:13:SPI_TxISR_16BIT	24	static
stm32u5xx_hal_spi.c:3683:13:SPI_TxISR_32BIT	16	static
stm32u5xx_hal_spi.c:3704:13:SPI_AbortTransfer	16	static
stm32u5xx_hal_spi.c:3743:13:SPI_CloseTransfer	24	static
stm32u5xx_hal_spi.c:3820:26:SPI_WaitOnFlagUntilTimeout	24	static
stm32u5xx_hal_spi.c:3841:17:SPI_GetPacketSize	24	static
