stm32u5xx_hal_rcc.c:356:19:HAL_RCC_DeInit	16	static
stm32u5xx_hal_rcc.c:537:19:HAL_RCC_OscConfig	56	static
stm32u5xx_hal_rcc.c:1309:19:HAL_RCC_ClockConfig	32	static
stm32u5xx_hal_rcc.c:1552:6:HAL_RCC_MCOConfig	48	static
stm32u5xx_hal_rcc.c:1601:10:HAL_RCC_GetSysClockFreq	48	static
stm32u5xx_hal_rcc.c:1710:10:HAL_RCC_GetHCLKFreq	8	static
stm32u5xx_hal_rcc.c:1722:10:HAL_RCC_GetPCLK1Freq	8	static
stm32u5xx_hal_rcc.c:1734:10:HAL_RCC_GetPCLK2Freq	8	static
stm32u5xx_hal_rcc.c:1746:10:HAL_RCC_GetPCLK3Freq	8	static
stm32u5xx_hal_rcc.c:1758:6:HAL_RCC_GetOscConfig	16	static
stm32u5xx_hal_rcc.c:1893:6:HAL_RCC_GetClockConfig	16	static
stm32u5xx_hal_rcc.c:1928:10:HAL_RCC_GetResetSource	16	static
stm32u5xx_hal_rcc.c:1951:6:HAL_RCC_EnableCSS	4	static
stm32u5xx_hal_rcc.c:1961:6:HAL_RCC_NMI_IRQHandler	8	static
stm32u5xx_hal_rcc.c:1978:13:HAL_RCC_CSSCallback	4	static
stm32u5xx_hal_rcc.c:2007:6:HAL_RCC_ConfigAttributes	16	static
stm32u5xx_hal_rcc.c:2064:19:HAL_RCC_GetConfigAttributes	24	static
stm32u5xx_hal_rcc.c:2114:26:RCC_SetFlashLatencyFromMSIRange	32	static
