stm32u5xx_hal_uart.c:306:19:HAL_UART_Init	16	static
stm32u5xx_hal_uart.c:379:19:HAL_HalfDuplex_Init	16	static
stm32u5xx_hal_uart.c:452:19:HAL_LIN_Init	16	static
stm32u5xx_hal_uart.c:549:19:HAL_MultiProcessor_Init	24	static
stm32u5xx_hal_uart.c:623:19:HAL_UART_DeInit	16	static
stm32u5xx_hal_uart.c:669:13:HAL_UART_MspInit	16	static
stm32u5xx_hal_uart.c:684:13:HAL_UART_MspDeInit	16	static
stm32u5xx_hal_uart.c:1112:19:HAL_UART_Transmit	48	static
stm32u5xx_hal_uart.c:1201:19:HAL_UART_Receive	48	static
stm32u5xx_hal_uart.c:1287:19:HAL_UART_Transmit_IT	72	static,ignoring_inline_asm
stm32u5xx_hal_uart.c:1361:19:HAL_UART_Receive_IT	48	static,ignoring_inline_asm
stm32u5xx_hal_uart.c:1404:19:HAL_UART_Transmit_DMA	56	static,ignoring_inline_asm
stm32u5xx_hal_uart.c:1519:19:HAL_UART_Receive_DMA	48	static,ignoring_inline_asm
stm32u5xx_hal_uart.c:1557:19:HAL_UART_DMAPause	120	static,ignoring_inline_asm
stm32u5xx_hal_uart.c:1591:19:HAL_UART_DMAResume	112	static,ignoring_inline_asm
stm32u5xx_hal_uart.c:1623:19:HAL_UART_DMAStop	72	static,ignoring_inline_asm
stm32u5xx_hal_uart.c:1698:19:HAL_UART_Abort	136	static,ignoring_inline_asm
stm32u5xx_hal_uart.c:1799:19:HAL_UART_AbortTransmit	88	static,ignoring_inline_asm
stm32u5xx_hal_uart.c:1857:19:HAL_UART_AbortReceive	112	static,ignoring_inline_asm
stm32u5xx_hal_uart.c:1924:19:HAL_UART_Abort_IT	144	static,ignoring_inline_asm
stm32u5xx_hal_uart.c:2076:19:HAL_UART_AbortTransmit_IT	88	static,ignoring_inline_asm
stm32u5xx_hal_uart.c:2166:19:HAL_UART_AbortReceive_IT	112	static,ignoring_inline_asm
stm32u5xx_hal_uart.c:2258:6:HAL_UART_IRQHandler	240	static,ignoring_inline_asm
stm32u5xx_hal_uart.c:2559:13:HAL_UART_TxCpltCallback	16	static
stm32u5xx_hal_uart.c:2574:13:HAL_UART_TxHalfCpltCallback	16	static
stm32u5xx_hal_uart.c:2589:13:HAL_UART_RxCpltCallback	16	static
stm32u5xx_hal_uart.c:2604:13:HAL_UART_RxHalfCpltCallback	16	static
stm32u5xx_hal_uart.c:2619:13:HAL_UART_ErrorCallback	16	static
stm32u5xx_hal_uart.c:2634:13:HAL_UART_AbortCpltCallback	16	static
stm32u5xx_hal_uart.c:2649:13:HAL_UART_AbortTransmitCpltCallback	16	static
stm32u5xx_hal_uart.c:2664:13:HAL_UART_AbortReceiveCpltCallback	16	static
stm32u5xx_hal_uart.c:2681:13:HAL_UARTEx_RxEventCallback	16	static
stm32u5xx_hal_uart.c:2729:6:HAL_UART_ReceiverTimeout_Config	16	static
stm32u5xx_hal_uart.c:2744:19:HAL_UART_EnableReceiverTimeout	16	static
stm32u5xx_hal_uart.c:2782:19:HAL_UART_DisableReceiverTimeout	16	static
stm32u5xx_hal_uart.c:2820:19:HAL_MultiProcessor_EnableMuteMode	40	static,ignoring_inline_asm
stm32u5xx_hal_uart.c:2840:19:HAL_MultiProcessor_DisableMuteMode	40	static,ignoring_inline_asm
stm32u5xx_hal_uart.c:2860:6:HAL_MultiProcessor_EnterMuteMode	16	static
stm32u5xx_hal_uart.c:2870:19:HAL_HalfDuplex_EnableTransmitter	64	static,ignoring_inline_asm
stm32u5xx_hal_uart.c:2893:19:HAL_HalfDuplex_EnableReceiver	64	static,ignoring_inline_asm
stm32u5xx_hal_uart.c:2917:19:HAL_LIN_SendBreak	16	static
stm32u5xx_hal_uart.c:2962:23:HAL_UART_GetState	24	static
stm32u5xx_hal_uart.c:2978:10:HAL_UART_GetError	16	static
stm32u5xx_hal_uart.c:3023:19:UART_SetConfig	56	static
stm32u5xx_hal_uart.c:3180:6:UART_AdvFeatureConfig	16	static
stm32u5xx_hal_uart.c:3254:19:UART_CheckIdleState	32	static
stm32u5xx_hal_uart.c:3305:19:UART_WaitOnFlagUntilTimeout	120	static,ignoring_inline_asm
stm32u5xx_hal_uart.c:3369:19:UART_Start_Receive_IT	120	static,ignoring_inline_asm
stm32u5xx_hal_uart.c:3435:19:UART_Start_Receive_DMA	104	static,ignoring_inline_asm
stm32u5xx_hal_uart.c:3531:13:UART_EndTxTransfer	64	static,ignoring_inline_asm
stm32u5xx_hal_uart.c:3547:13:UART_EndRxTransfer	88	static,ignoring_inline_asm
stm32u5xx_hal_uart.c:3573:13:UART_DMATransmitCplt	72	static,ignoring_inline_asm
stm32u5xx_hal_uart.c:3607:13:UART_DMATxHalfCplt	24	static
stm32u5xx_hal_uart.c:3625:13:UART_DMAReceiveCplt	120	static,ignoring_inline_asm
stm32u5xx_hal_uart.c:3682:13:UART_DMARxHalfCplt	24	static
stm32u5xx_hal_uart.c:3716:13:UART_DMAError	32	static
stm32u5xx_hal_uart.c:3756:13:UART_DMAAbortOnError	24	static
stm32u5xx_hal_uart.c:3779:13:UART_DMATxAbortCallback	24	static
stm32u5xx_hal_uart.c:3834:13:UART_DMARxAbortCallback	24	static
stm32u5xx_hal_uart.c:3886:13:UART_DMATxOnlyAbortCallback	24	static
stm32u5xx_hal_uart.c:3919:13:UART_DMARxOnlyAbortCallback	24	static
stm32u5xx_hal_uart.c:3952:13:UART_TxISR_8BIT	64	static,ignoring_inline_asm
stm32u5xx_hal_uart.c:3981:13:UART_TxISR_16BIT	72	static,ignoring_inline_asm
stm32u5xx_hal_uart.c:4013:13:UART_TxISR_8BIT_FIFOEN	72	static,ignoring_inline_asm
stm32u5xx_hal_uart.c:4053:13:UART_TxISR_16BIT_FIFOEN	72	static,ignoring_inline_asm
stm32u5xx_hal_uart.c:4094:13:UART_EndTransmit_IT	40	static,ignoring_inline_asm
stm32u5xx_hal_uart.c:4119:13:UART_RxISR_8BIT	96	static,ignoring_inline_asm
stm32u5xx_hal_uart.c:4196:13:UART_RxISR_16BIT	96	static,ignoring_inline_asm
stm32u5xx_hal_uart.c:4275:13:UART_RxISR_8BIT_FIFOEN	160	static,ignoring_inline_asm
stm32u5xx_hal_uart.c:4423:13:UART_RxISR_16BIT_FIFOEN	168	static,ignoring_inline_asm
