stm32u5xx_hal_rcc_ex.c:348:19:HAL_RCCEx_PeriphCLKConfig	32	static
stm32u5xx_hal_rcc_ex.c:984:6:HAL_RCCEx_GetPeriphCLKConfig	16	static
stm32u5xx_hal_rcc_ex.c:1123:6:HAL_RCCEx_GetPLL1ClockFreq	40	static
stm32u5xx_hal_rcc_ex.c:1219:6:HAL_RCCEx_GetPLL2ClockFreq	40	static
stm32u5xx_hal_rcc_ex.c:1315:6:HAL_RCCEx_GetPLL3ClockFreq	40	static
stm32u5xx_hal_rcc_ex.c:1436:10:HAL_RCCEx_GetPeriphCLKFreq	64	static
stm32u5xx_hal_rcc_ex.c:2409:19:HAL_RCCEx_EnablePLL2	24	static
stm32u5xx_hal_rcc_ex.c:2490:19:HAL_RCCEx_DisablePLL2	16	static
stm32u5xx_hal_rcc_ex.c:2524:19:HAL_RCCEx_EnablePLL3	24	static
stm32u5xx_hal_rcc_ex.c:2603:19:HAL_RCCEx_DisablePLL3	16	static
stm32u5xx_hal_rcc_ex.c:2642:19:HAL_RCCEx_EnableMSIPLLModeSelection	24	static
stm32u5xx_hal_rcc_ex.c:2671:19:HAL_RCCEx_EnableMSIPLLFastStartup	16	static
stm32u5xx_hal_rcc_ex.c:2690:19:HAL_RCCEx_DisableMSIPLLFastStartup	16	static
stm32u5xx_hal_rcc_ex.c:2713:6:HAL_RCCEx_WakeUpStopCLKConfig	16	static
stm32u5xx_hal_rcc_ex.c:2728:6:HAL_RCCEx_KerWakeUpStopCLKConfig	16	static
stm32u5xx_hal_rcc_ex.c:2747:6:HAL_RCCEx_StandbyMSIRangeConfig	16	static
stm32u5xx_hal_rcc_ex.c:2761:6:HAL_RCCEx_EnableLSECSS	4	static
stm32u5xx_hal_rcc_ex.c:2771:6:HAL_RCCEx_DisableLSECSS	4	static
stm32u5xx_hal_rcc_ex.c:2780:6:HAL_RCCEx_LSECSS_IRQHandler	8	static
stm32u5xx_hal_rcc_ex.c:2793:13:HAL_RCCEx_LSECSS_Callback	4	static
stm32u5xx_hal_rcc_ex.c:2808:6:HAL_RCCEx_EnableLSCO	48	static
stm32u5xx_hal_rcc_ex.c:2855:6:HAL_RCCEx_DisableLSCO	16	static
stm32u5xx_hal_rcc_ex.c:2893:6:HAL_RCCEx_EnableMSIPLLMode	4	static
stm32u5xx_hal_rcc_ex.c:2903:6:HAL_RCCEx_DisableMSIPLLMode	4	static
stm32u5xx_hal_rcc_ex.c:2983:6:HAL_RCCEx_CRSConfig	24	static
stm32u5xx_hal_rcc_ex.c:3025:6:HAL_RCCEx_CRSSoftwareSynchronizationGenerate	4	static
stm32u5xx_hal_rcc_ex.c:3035:6:HAL_RCCEx_CRSGetSynchronizationInfo	16	static
stm32u5xx_hal_rcc_ex.c:3068:10:HAL_RCCEx_CRSWaitSynchronization	24	static
stm32u5xx_hal_rcc_ex.c:3151:6:HAL_RCCEx_CRS_IRQHandler	24	static
stm32u5xx_hal_rcc_ex.c:3216:13:HAL_RCCEx_CRS_SyncOkCallback	4	static
stm32u5xx_hal_rcc_ex.c:3227:13:HAL_RCCEx_CRS_SyncWarnCallback	4	static
stm32u5xx_hal_rcc_ex.c:3238:13:HAL_RCCEx_CRS_ExpectedSyncCallback	4	static
stm32u5xx_hal_rcc_ex.c:3254:13:HAL_RCCEx_CRS_ErrorCallback	16	static
stm32u5xx_hal_rcc_ex.c:3287:26:RCCEx_PLLSource_Enable	24	static
stm32u5xx_hal_rcc_ex.c:3376:26:RCCEx_PLL2_Config	24	static
stm32u5xx_hal_rcc_ex.c:3450:26:RCCEx_PLL3_Config	24	static
