stm32u5xx_hal_pwr_ex.c:297:19:HAL_PWREx_ControlVoltageScaling	24	static
stm32u5xx_hal_pwr_ex.c:359:10:HAL_PWREx_GetVoltageRange	4	static
stm32u5xx_hal_pwr_ex.c:373:19:HAL_PWREx_ConfigSupply	24	static
stm32u5xx_hal_pwr_ex.c:421:11:HAL_PWREx_GetSupplyConfig	4	static
stm32u5xx_hal_pwr_ex.c:430:6:HAL_PWREx_EnableFastSoftStart	4	static
stm32u5xx_hal_pwr_ex.c:439:6:HAL_PWREx_DisableFastSoftStart	4	static
stm32u5xx_hal_pwr_ex.c:603:6:HAL_PWREx_EnterSTOP1Mode	16	static,ignoring_inline_asm
stm32u5xx_hal_pwr_ex.c:652:6:HAL_PWREx_EnterSTOP2Mode	16	static,ignoring_inline_asm
stm32u5xx_hal_pwr_ex.c:702:6:HAL_PWREx_EnterSTOP3Mode	16	static,ignoring_inline_asm
stm32u5xx_hal_pwr_ex.c:743:6:HAL_PWREx_EnterSHUTDOWNMode	4	static,ignoring_inline_asm
stm32u5xx_hal_pwr_ex.c:769:6:HAL_PWREx_ConfigSRDDomain	16	static
stm32u5xx_hal_pwr_ex.c:785:6:HAL_PWREx_EnableUltraLowPowerMode	4	static
stm32u5xx_hal_pwr_ex.c:794:6:HAL_PWREx_DisableUltraLowPowerMode	4	static
stm32u5xx_hal_pwr_ex.c:806:6:HAL_PWREx_S3WU_IRQHandler	16	static
stm32u5xx_hal_pwr_ex.c:919:13:HAL_PWREx_S3WUCallback	16	static
stm32u5xx_hal_pwr_ex.c:1024:19:HAL_PWREx_ConfigPVM	16	static
stm32u5xx_hal_pwr_ex.c:1189:6:HAL_PWREx_EnableVddUSB	4	static
stm32u5xx_hal_pwr_ex.c:1198:6:HAL_PWREx_DisableVddUSB	4	static
stm32u5xx_hal_pwr_ex.c:1209:6:HAL_PWREx_EnableVddIO2	4	static
stm32u5xx_hal_pwr_ex.c:1218:6:HAL_PWREx_DisableVddIO2	4	static
stm32u5xx_hal_pwr_ex.c:1229:6:HAL_PWREx_EnableVddA	4	static
stm32u5xx_hal_pwr_ex.c:1238:6:HAL_PWREx_DisableVddA	4	static
stm32u5xx_hal_pwr_ex.c:1247:6:HAL_PWREx_EnableUVM	4	static
stm32u5xx_hal_pwr_ex.c:1256:6:HAL_PWREx_DisableUVM	4	static
stm32u5xx_hal_pwr_ex.c:1265:6:HAL_PWREx_EnableIO2VM	4	static
stm32u5xx_hal_pwr_ex.c:1274:6:HAL_PWREx_DisableIO2VM	4	static
stm32u5xx_hal_pwr_ex.c:1283:6:HAL_PWREx_EnableAVM1	4	static
stm32u5xx_hal_pwr_ex.c:1292:6:HAL_PWREx_DisableAVM1	4	static
stm32u5xx_hal_pwr_ex.c:1301:6:HAL_PWREx_EnableAVM2	4	static
stm32u5xx_hal_pwr_ex.c:1310:6:HAL_PWREx_DisableAVM2	4	static
stm32u5xx_hal_pwr_ex.c:1319:6:HAL_PWREx_EnableMonitoring	4	static
stm32u5xx_hal_pwr_ex.c:1328:6:HAL_PWREx_DisableMonitoring	4	static
stm32u5xx_hal_pwr_ex.c:1337:6:HAL_PWREx_EnableUCPDStandbyMode	4	static
stm32u5xx_hal_pwr_ex.c:1348:6:HAL_PWREx_DisableUCPDStandbyMode	4	static
stm32u5xx_hal_pwr_ex.c:1362:6:HAL_PWREx_EnableUCPDDeadBattery	4	static
stm32u5xx_hal_pwr_ex.c:1376:6:HAL_PWREx_DisableUCPDDeadBattery	4	static
stm32u5xx_hal_pwr_ex.c:1391:6:HAL_PWREx_EnableBatteryCharging	16	static
stm32u5xx_hal_pwr_ex.c:1407:6:HAL_PWREx_DisableBatteryCharging	4	static
stm32u5xx_hal_pwr_ex.c:1417:6:HAL_PWREx_PVD_PVM_IRQHandler	16	static
stm32u5xx_hal_pwr_ex.c:1486:13:HAL_PWREx_UVMCallback	4	static
stm32u5xx_hal_pwr_ex.c:1497:13:HAL_PWREx_IO2VMCallback	4	static
stm32u5xx_hal_pwr_ex.c:1508:13:HAL_PWREx_AVM1Callback	4	static
stm32u5xx_hal_pwr_ex.c:1519:13:HAL_PWREx_AVM2Callback	4	static
stm32u5xx_hal_pwr_ex.c:1584:6:HAL_PWREx_EnableSRAM2ContentStandbyRetention	16	static
stm32u5xx_hal_pwr_ex.c:1604:6:HAL_PWREx_DisableSRAM2ContentStandbyRetention	16	static
stm32u5xx_hal_pwr_ex.c:1622:6:HAL_PWREx_EnableRAMsContentStopRetention	24	static
stm32u5xx_hal_pwr_ex.c:1764:6:HAL_PWREx_DisableRAMsContentStopRetention	24	static
stm32u5xx_hal_pwr_ex.c:1907:6:HAL_PWREx_EnableRAMsContentRunRetention	16	static
stm32u5xx_hal_pwr_ex.c:1926:6:HAL_PWREx_DisableRAMsContentRunRetention	16	static
stm32u5xx_hal_pwr_ex.c:1944:19:HAL_PWREx_EnableBkupRAMRetention	8	static
stm32u5xx_hal_pwr_ex.c:1970:6:HAL_PWREx_DisableBkupRAMRetention	4	static
stm32u5xx_hal_pwr_ex.c:1984:6:HAL_PWREx_EnableFlashFastWakeUp	4	static
stm32u5xx_hal_pwr_ex.c:1998:6:HAL_PWREx_DisableFlashFastWakeUp	4	static
stm32u5xx_hal_pwr_ex.c:2011:6:HAL_PWREx_EnableSRAM4FastWakeUp	4	static
stm32u5xx_hal_pwr_ex.c:2024:6:HAL_PWREx_DisableSRAM4FastWakeUp	4	static
stm32u5xx_hal_pwr_ex.c:2070:6:HAL_PWREx_EnablePullUpPullDownConfig	4	static
stm32u5xx_hal_pwr_ex.c:2082:6:HAL_PWREx_DisablePullUpPullDownConfig	4	static
stm32u5xx_hal_pwr_ex.c:2108:19:HAL_PWREx_EnableGPIOPullUp	16	static
stm32u5xx_hal_pwr_ex.c:2184:19:HAL_PWREx_DisableGPIOPullUp	16	static
stm32u5xx_hal_pwr_ex.c:2258:19:HAL_PWREx_EnableGPIOPullDown	16	static
stm32u5xx_hal_pwr_ex.c:2334:19:HAL_PWREx_DisableGPIOPullDown	16	static
