mx_wifi_spi.c:162:13:MX_WIFI_IO_DELAY	16	static
mx_wifi_spi.c:173:15:MX_WIFI_SPI_Init	24	static
mx_wifi_spi.c:193:15:MX_WIFI_SPI_DeInit	8	static
mx_wifi_spi.c:200:6:HAL_SPI_TransferCallback	16	static
mx_wifi_spi.c:206:6:HAL_SPI_ErrorCallback	16	static
mx_wifi_spi.c:217:6:mxchip_WIFI_ISR	16	static
mx_wifi_spi.c:230:15:wait_flow_high	24	static
mx_wifi_spi.c:246:17:MX_WIFI_SPI_Write	16	static
mx_wifi_spi.c:266:17:MX_WIFI_SPI_Read	16	static
mx_wifi_spi.c:308:16:TransmitReceive	40	static
mx_wifi_spi.c:317:16:Transmit	32	static
mx_wifi_spi.c:325:16:Receive	32	static
mx_wifi_spi.c:334:6:process_txrx_poll	56	static
mx_wifi_spi.c:505:13:mx_wifi_spi_txrx_task	16	static
mx_wifi_spi.c:514:15:mx_wifi_spi_txrx_start	24	static
mx_wifi_spi.c:531:15:mx_wifi_spi_txrx_stop	8	static
mx_wifi_spi.c:545:9:mxwifi_probe	24	static
mx_wifi_spi.c:562:18:wifi_obj_get	4	static
