mx_wifi_azure_rtos.c:15:6:mx_wifi_alloc_init	16	static
mx_wifi_azure_rtos.c:29:8:mx_wifi_malloc	24	static
mx_wifi_azure_rtos.c:49:6:mx_wifi_free	24	static
mx_wifi_azure_rtos.c:59:12:mx_net_buffer_alloc	24	static
mx_wifi_azure_rtos.c:93:7:mx_net_buffer_free	24	static
mx_wifi_azure_rtos.c:103:6:mx_wifi_thread_init	64	static
mx_wifi_azure_rtos.c:121:6:mx_wifi_thread_deinit	16	static
mx_wifi_azure_rtos.c:131:6:mx_wifi_thread_terminate	8	static
mx_wifi_azure_rtos.c:136:6:mx_wifi_fifo_init	40	static
mx_wifi_azure_rtos.c:151:6:mx_wifi_fifo_deinit	16	static
mx_wifi_azure_rtos.c:161:6:mx_wifi_fifo_push	24	static
mx_wifi_azure_rtos.c:168:8:mx_wifi_fifo_pop	24	static
