nx_driver_framework.c:127:7:nx_driver_framework_entry_default	16	static
nx_driver_framework.c:285:14:nx_driver_interface_attach	16	static
nx_driver_framework.c:345:14:nx_driver_initialize	32	static
nx_driver_framework.c:456:14:nx_driver_enable	24	static
nx_driver_framework.c:550:14:nx_driver_disable	24	static
nx_driver_framework.c:635:14:nx_driver_packet_send	32	static
nx_driver_framework.c:796:14:nx_driver_multicast_join	24	static
nx_driver_framework.c:862:14:nx_driver_multicast_leave	24	static
nx_driver_framework.c:928:14:nx_driver_get_status	24	static
nx_driver_framework.c:1110:14:nx_driver_deferred_processing	32	static,ignoring_inline_asm
nx_driver_framework.c:1196:13:nx_driver_transfer_to_netx	24	static
nx_driver_framework.c:1309:6:nx_driver_update_hardware_address	24	static
nx_driver_emw3080.c:42:6:nx_driver_emw3080_entry	16	static
nx_driver_emw3080.c:59:6:nx_driver_emw3080_interrupt	16	static
nx_driver_emw3080.c:77:6:_nx_driver_emw3080_initialize	24	static
nx_driver_emw3080.c:118:6:_nx_driver_emw3080_enable	24	static
nx_driver_emw3080.c:155:6:_nx_driver_emw3080_disable	24	static
nx_driver_emw3080.c:168:6:_nx_driver_emw3080_packet_send	24	static
nx_driver_emw3080.c:207:13:_nx_netlink_input_callback	24	static
nx_driver_emw3080.c:222:13:_nx_driver_emw3080_packet_received	16	static
nx_driver_emw3080.c:229:13:_nx_mx_wifi_status_changed	16	static
