tx_port.h:294:28:_get_ipsr	16	static,ignoring_inline_asm
nxd_dhcp_client.c:130:7:_nxe_dhcp_create	32	static
nxd_dhcp_client.c:208:7:_nx_dhcp_create	64	static
nxd_dhcp_client.c:537:7:_nxe_dhcp_clear_broadcast_flag	24	static
nxd_dhcp_client.c:614:7:_nx_dhcp_clear_broadcast_flag	24	static
nxd_dhcp_client.c:687:7:_nxe_dhcp_interface_clear_broadcast_flag	32	static
nxd_dhcp_client.c:770:7:_nx_dhcp_interface_clear_broadcast_flag	32	static
nxd_dhcp_client.c:845:7:_nxe_dhcp_packet_pool_set	16	static
nxd_dhcp_client.c:925:7:_nx_dhcp_packet_pool_set	16	static
nxd_dhcp_client.c:993:6:_nxe_dhcp_reinitialize	24	static
nxd_dhcp_client.c:1058:6:_nx_dhcp_reinitialize	24	static
nxd_dhcp_client.c:1125:6:_nxe_dhcp_interface_reinitialize	24	static
nxd_dhcp_client.c:1203:6:_nx_dhcp_interface_reinitialize	40	static
nxd_dhcp_client.c:1341:7:_nxe_dhcp_request_client_ip	32	static
nxd_dhcp_client.c:1422:7:_nx_dhcp_request_client_ip	32	static
nxd_dhcp_client.c:1499:7:_nxe_dhcp_interface_request_client_ip	32	static
nxd_dhcp_client.c:1568:7:_nx_dhcp_interface_request_client_ip	32	static
nxd_dhcp_client.c:1643:7:_nxe_dhcp_delete	24	static
nxd_dhcp_client.c:1715:7:_nx_dhcp_delete	24	static
nxd_dhcp_client.c:1817:7:_nxe_dhcp_force_renew	24	static
nxd_dhcp_client.c:1882:7:_nx_dhcp_force_renew	24	static
nxd_dhcp_client.c:1954:7:_nxe_dhcp_interface_force_renew	24	static
nxd_dhcp_client.c:2022:7:_nx_dhcp_interface_force_renew	32	static
nxd_dhcp_client.c:2133:7:_nxe_dhcp_decline	24	static
nxd_dhcp_client.c:2201:7:_nx_dhcp_decline	24	static
nxd_dhcp_client.c:2273:6:_nxe_dhcp_interface_decline	24	static
nxd_dhcp_client.c:2345:6:_nx_dhcp_interface_decline	32	static
nxd_dhcp_client.c:2464:7:_nxe_dhcp_release	24	static
nxd_dhcp_client.c:2529:6:_nx_dhcp_release	24	static
nxd_dhcp_client.c:2600:6:_nxe_dhcp_interface_release	24	static
nxd_dhcp_client.c:2674:7:_nx_dhcp_interface_release	32	static
nxd_dhcp_client.c:2819:7:_nxe_dhcp_start	24	static
nxd_dhcp_client.c:2889:7:_nx_dhcp_start	32	static
nxd_dhcp_client.c:2985:7:_nxe_dhcp_interface_start	24	static
nxd_dhcp_client.c:3063:7:_nx_dhcp_interface_start	32	static
nxd_dhcp_client.c:3235:7:_nxe_dhcp_interface_enable	24	static
nxd_dhcp_client.c:3309:7:_nx_dhcp_interface_enable	40	static
nxd_dhcp_client.c:3430:6:_nxe_dhcp_interface_disable	24	static
nxd_dhcp_client.c:3506:6:_nx_dhcp_interface_disable	24	static
nxd_dhcp_client.c:3581:7:_nxe_dhcp_state_change_notify	24	static
nxd_dhcp_client.c:3646:7:_nx_dhcp_state_change_notify	16	static
nxd_dhcp_client.c:3706:7:_nxe_dhcp_interface_state_change_notify	24	static
nxd_dhcp_client.c:3771:7:_nx_dhcp_interface_state_change_notify	16	static
nxd_dhcp_client.c:3829:7:_nxe_dhcp_stop	24	static
nxd_dhcp_client.c:3902:7:_nx_dhcp_stop	24	static
nxd_dhcp_client.c:3983:7:_nxe_dhcp_interface_stop	24	static
nxd_dhcp_client.c:4060:6:_nx_dhcp_interface_stop	32	static
nxd_dhcp_client.c:4209:7:_nxe_dhcp_user_option_retrieve	32	static
nxd_dhcp_client.c:4282:7:_nx_dhcp_user_option_retrieve	40	static
nxd_dhcp_client.c:4366:7:_nxe_dhcp_interface_user_option_retrieve	40	static
nxd_dhcp_client.c:4449:7:_nx_dhcp_interface_user_option_retrieve	48	static
nxd_dhcp_client.c:4610:8:_nxe_dhcp_user_option_convert	24	static
nxd_dhcp_client.c:4669:8:_nx_dhcp_user_option_convert	24	static
nxd_dhcp_client.c:4729:7:_nxe_dhcp_user_option_add_callback_set	24	static
nxd_dhcp_client.c:4790:7:_nx_dhcp_user_option_add_callback_set	16	static
nxd_dhcp_client.c:4849:6:_nx_dhcp_udp_receive_notify	16	static
nxd_dhcp_client.c:4901:6:_nx_dhcp_timeout_entry	24	static
nxd_dhcp_client.c:4965:14:_nx_dhcp_thread_entry	72	static
nxd_dhcp_client.c:5141:7:_nx_dhcp_packet_process	88	static
nxd_dhcp_client.c:5665:6:_nx_dhcp_timeout_process	32	static
nxd_dhcp_client.c:6104:7:_nxe_dhcp_send_request	24	static
nxd_dhcp_client.c:6179:7:_nx_dhcp_send_request	24	static
nxd_dhcp_client.c:6257:7:_nxe_dhcp_interface_send_request	32	static
nxd_dhcp_client.c:6340:7:_nx_dhcp_interface_send_request	32	static
nxd_dhcp_client.c:6460:14:_nx_dhcp_send_request_internal	88	static
nxd_dhcp_client.c:6898:14:_nx_dhcp_client_send_with_zero_source_address	104	static
nxd_dhcp_client.c:7216:14:_nx_dhcp_extract_information	32	static
nxd_dhcp_client.c:7502:14:_nx_dhcp_get_option_value	40	static
nxd_dhcp_client.c:7604:7:_nx_dhcp_add_option_value	24	static
nxd_dhcp_client.c:7669:14:_nx_dhcp_add_option_string	24	static
nxd_dhcp_client.c:7730:14:_nx_dhcp_add_randomize	24	static
nxd_dhcp_client.c:7804:14:_nx_dhcp_update_timeout	16	static
nxd_dhcp_client.c:7869:14:_nx_dhcp_update_renewal_timeout	16	static
nxd_dhcp_client.c:7950:16:_nx_dhcp_search_buffer	40	static
nxd_dhcp_client.c:8050:15:_nx_dhcp_get_data	24	static
nxd_dhcp_client.c:8114:14:_nx_dhcp_store_data	24	static
nxd_dhcp_client.c:8192:14:_nx_dhcp_move_string	24	static
nxd_dhcp_client.c:8248:6:_nxe_dhcp_server_address_get	24	static
nxd_dhcp_client.c:8321:6:_nx_dhcp_server_address_get	24	static
nxd_dhcp_client.c:8398:6:_nxe_dhcp_interface_server_address_get	32	static
nxd_dhcp_client.c:8472:6:_nx_dhcp_interface_server_address_get	32	static
nxd_dhcp_client.c:8617:6:_nxe_dhcp_set_interface_index	24	static
nxd_dhcp_client.c:8690:6:_nx_dhcp_set_interface_index	24	static
nxd_dhcp_client.c:8765:13:_nx_dhcp_interface_record_find	32	static
