JEncoder.c:80:1:JEncoder_setIoErr	16	static
JEncoder.c:87:1:JEncoder_setCommaSep	16	static
JEncoder.c:103:1:JEncoder_beginValue	24	static
JEncoder.c:140:1:JEncoder_constructor	24	static
JEncoder.c:149:1:JEncoder_flush	16	static
JEncoder.c:158:1:JEncoder_commit	16	static
JEncoder.c:165:1:JEncoder_setInt	16	static
JEncoder.c:178:1:JEncoder_setLong	24	static
JEncoder.c:192:1:JEncoder_setDouble	24	static
JEncoder.c:206:1:JEncoder_setString	16	static
JEncoder.c:227:1:JEncoder_b64enc	24	static
JEncoder.c:243:1:JEncoder_vFmtString	24	static
JEncoder.c:269:1:JEncoder_setBoolean	16	static
JEncoder.c:282:1:JEncoder_setNull	16	static
JEncoder.c:299:1:JEncoder_setJV	24	static
JEncoder.c:359:1:JEncoder_setName	16	static
JEncoder.c:372:1:JEncoder_beginObject	16	static
JEncoder.c:394:1:JEncoder_endObject	16	static
JEncoder.c:421:1:JEncoder_beginArray	16	static
JEncoder.c:441:1:JEncoder_endArray	16	static
JEncoder.c:468:1:JEncoder_setArray	32	static
JEncoder.c:506:1:JEncoder_vSetJV	32	static
JEncoder.c:596:1:JEncoder_set	28	static
