JVal.c:59:1:JVal_init	32	static
JVal.c:129:1:JVal_extractValue	48	static
JVal.c:209:1:JVal_extractArray	40	static
JVal.c:258:1:JVal_extractObject	40	static
JVal.c:297:1:JVal_extract	24	static
JVal.c:317:1:JVal_vget	24	static
JVal.c:331:1:JVal_get	24	static
JVal.c:342:1:JVal_getInt	16	static
JVal.c:367:1:JVal_getLong	16	static
JVal.c:392:1:JVal_getDouble	16	static
JVal.c:415:1:JVal_getBoolean	16	static
JVal.c:432:1:JVal_getString	16	static
JVal.c:449:1:JVal_manageString	24	static
JVal.c:467:1:JVal_getName	16	static
JVal.c:473:1:JVal_manageName	24	static
JVal.c:485:1:JVal_getObject	16	static
JVal.c:499:1:JVal_getArray	16	static
JVal.c:514:1:JVal_getJ	16	static
JVal.c:529:1:JVal_manageJ	24	static
JVal.c:548:1:JVal_getLength	24	static
JVal.c:563:1:JVal_setX	24	static
JVal.c:607:1:JVal_unlink	24	static
JVal.c:633:1:JVal_addChild	16	static
JVal.c:644:1:JVal_addMember	24	static
JVal.c:668:1:JVal_add	24	static
JVal.c:681:1:JVal_terminate	32	static
JVal.c:705:1:JParserValFact_expandStack	24	static
JVal.c:723:1:JParserValFact_service	40	static
JVal.c:755:1:JParserValFact_constructor	24	static
JVal.c:767:1:JParserValFact_manageFirstVal	24	static
JVal.c:781:1:JParserValFact_termFirstVal	16	static
JVal.c:799:1:JParserValFact_destructor	16	static
JVal.c:812:1:JValFact_constructor	24	static
JVal.c:821:1:JValFact_mkVal	32	static
