MinnowRefPlatMain.c:410:1:SendData_wsSendJSON	24	static
MinnowRefPlatMain.c:487:1:SendData_constructor	24	static
MinnowRefPlatMain.c:523:1:SendData_commit	16	static
MinnowRefPlatMain.c:537:1:beginMessage	16	static
MinnowRefPlatMain.c:545:1:endMessage	16	static
MinnowRefPlatMain.c:553:1:ledType2String	16	static
MinnowRefPlatMain.c:575:1:sendLedInfo	176	static
MinnowRefPlatMain.c:603:1:sendSetLED	144	static
MinnowRefPlatMain.c:618:1:manageSetLED	48	static
MinnowRefPlatMain.c:632:1:sendSetTemp	128	static
MinnowRefPlatMain.c:646:1:sendDeviceName	128	static
MinnowRefPlatMain.c:661:1:sendUploadAck	128	static
MinnowRefPlatMain.c:675:1:eventSimulator	24	static
MinnowRefPlatMain.c:692:1:beginAjaxResp	16	static
MinnowRefPlatMain.c:702:1:endAjaxResp	16	static
MinnowRefPlatMain.c:712:1:sendAjaxErr	136	static
MinnowRefPlatMain.c:730:1:math_xx	168	static
MinnowRefPlatMain.c:758:1:auth_setcredentials	192	static
MinnowRefPlatMain.c:794:1:ajax	48	static
MinnowRefPlatMain.c:857:1:RecData_constructor	24	static
MinnowRefPlatMain.c:899:1:RecData_sendNonce	136	static
MinnowRefPlatMain.c:924:1:RecData_authenticate	88	static
MinnowRefPlatMain.c:975:1:RecData_manageBinFrame	32	static
MinnowRefPlatMain.c:1022:1:RecData_manageMessage	24	static
MinnowRefPlatMain.c:1049:1:RecData_openMessage	40	static
MinnowRefPlatMain.c:1101:1:RecData_parse	32	static
MinnowRefPlatMain.c:1138:1:RecData_runServer	48	static
MinnowRefPlatMain.c:1346:1:openServerSock	56	static
MinnowRefPlatMain.c:1385:1:mainTask	48	static
MinnowRefPlatMain.c:1442:6:minorTask	32	static
